c:\cogent\build\cogent-gui.dir\debug\vc143.pdb
c:\cogent\build\cogent-gui.dir\debug\cogentworker.obj
c:\cogent\build\cogent-gui.dir\debug\mainwindow.obj
c:\cogent\build\cogent-gui.dir\debug\main_gui.obj
c:\cogent\build\cogent-gui.dir\debug\mocs_compilation_debug.obj
c:\cogent\build\cmakefiles\generate.stamp
c:\cogent\bin\debug\cogent-gui.exe
c:\cogent\bin\debug\cogent-gui.pdb
c:\cogent\build\cogent-gui.dir\debug\cogent-gui.ilk
c:\cogent\build\cogent-gui.dir\debug\cogent-gui.tlog\cl.command.1.tlog
c:\cogent\build\cogent-gui.dir\debug\cogent-gui.tlog\cl.items.tlog
c:\cogent\build\cogent-gui.dir\debug\cogent-gui.tlog\cl.read.1.tlog
c:\cogent\build\cogent-gui.dir\debug\cogent-gui.tlog\cl.write.1.tlog
c:\cogent\build\cogent-gui.dir\debug\cogent-gui.tlog\custombuild.command.1.tlog
c:\cogent\build\cogent-gui.dir\debug\cogent-gui.tlog\custombuild.read.1.tlog
c:\cogent\build\cogent-gui.dir\debug\cogent-gui.tlog\custombuild.write.1.tlog
c:\cogent\build\cogent-gui.dir\debug\cogent-gui.tlog\link.command.1.tlog
c:\cogent\build\cogent-gui.dir\debug\cogent-gui.tlog\link.read.1.tlog
c:\cogent\build\cogent-gui.dir\debug\cogent-gui.tlog\link.secondary.1.tlog
c:\cogent\build\cogent-gui.dir\debug\cogent-gui.tlog\link.write.1.tlog
