c:\cogent\build\debug\cogent_core.pdb
c:\cogent\build\cogent_core.dir\debug\cmdline.obj
c:\cogent\build\cogent_core.dir\debug\exporter_adoc.obj
c:\cogent\build\cogent_core.dir\debug\exporter_md.obj
c:\cogent\build\cogent_core.dir\debug\exporter_html.obj
c:\cogent\build\cogent_core.dir\debug\exporter.obj
c:\cogent\build\cogent_core.dir\debug\parser_vhdl.obj
c:\cogent\build\cogent_core.dir\debug\parser_systemverilog.obj
c:\cogent\build\cogent_core.dir\debug\parser.obj
c:\cogent\build\cogent_core.dir\debug\mocs_compilation_debug.obj
c:\cogent\build\cmakefiles\generate.stamp
c:\cogent\build\debug\cogent_core.lib
c:\cogent\build\cogent_core.dir\debug\cogent_core.tlog\cl.command.1.tlog
c:\cogent\build\cogent_core.dir\debug\cogent_core.tlog\cl.items.tlog
c:\cogent\build\cogent_core.dir\debug\cogent_core.tlog\cl.read.1.tlog
c:\cogent\build\cogent_core.dir\debug\cogent_core.tlog\cl.write.1.tlog
c:\cogent\build\cogent_core.dir\debug\cogent_core.tlog\custombuild.command.1.tlog
c:\cogent\build\cogent_core.dir\debug\cogent_core.tlog\custombuild.read.1.tlog
c:\cogent\build\cogent_core.dir\debug\cogent_core.tlog\custombuild.write.1.tlog
c:\cogent\build\cogent_core.dir\debug\cogent_core.tlog\lib-link.read.1.tlog
c:\cogent\build\cogent_core.dir\debug\cogent_core.tlog\lib-link.write.1.tlog
c:\cogent\build\cogent_core.dir\debug\cogent_core.tlog\lib.command.1.tlog
